<?xml version="1.0" encoding="UTF-8"?>
<testsuites name="jest tests" tests="1" failures="0" errors="0" time="0.227">
  <testsuite name="undefined" errors="0" failures="0" skipped="0" timestamp="2025-10-29T09:39:16" time="0.17" tests="1">
    <testcase classname=" Server responds with HTML content" name=" Server responds with HTML content" time="0.032">
    </testcase>
  </testsuite>
</testsuites>